hackernews_item:
    -
        external_id: 1
        type: ""
        by: test1author
        title: Title for test1
        url: https://test1.com
        time: 2009-01-15 05:56:17
        deleted: false
