hackernews_item:
    -
        external_id: 1
        type: story
        by: author
        title: title
        url: url
        time: 2000-01-01 00:01:10
        deleted: false
