hackernews_item:
    -
        external_id: 1
        type: story
        by: test1author111
        title: Title for test1_123
        url: https://example.com/test123
        time: 2009-01-15 06:12:49
        deleted: false
    -
        external_id: 2
        type: story
        by: test2author222
        title: Title for test2_222
        url: https://example.com/test456
        time: 2009-01-05 04:32:53
        deleted: false
