codexia_review_notification:
    -
        codexia_review_id: 2
        status: SUCCESS
        response_code: 201
        response: OK321
    -
        codexia_review_id: 3
        status: SUCCESS
        response_code: 201
        response: OK123
