codexia_review_notification:
    -
        codexia_review_id: 2
        status: ERROR
        response_code: 500
        response: ""
