codexia_project:
    -
        external_id: 1662
        coordinates: "casbin/casbin-rs"
        author: "iakunin"
        deleted: null
        project_created_at: "2020-05-05 10:29:21"

github_repo: []

github_repo_source: []
