codexia_project:
    -
        external_id: 1662
        coordinates: "instaloader/instaloader"
        author: "iakunin"
        deleted: null
        project_created_at: "2020-05-05 10:29:21"

github_repo:
    -
        external_id: "61200117"
        full_name: "instaloader/instaloader"
        html_url: "https://github.com/instaloader/instaloader"

github_repo_source:
    -
        source: "CODEXIA"
        external_id: "1662"
