codexia_project:
    -
        external_id: 1662
        coordinates: "test-project1/test-repo1"
        author: "iakunin"
        deleted: null
        project_created_at: "2020-05-05 10:29:21"

github_repo:
    -
        external_id: "150713223"
        full_name: "test-project1/test-repo1"

github_repo_source:
    -
        github_repo_id: 1
        source: "CODEXIA"
        external_id: "1662"
