github_repo_source:
    -
        github_repo_id: 1
        source: "HACKERNEWS"
        external_id: "2222"
    -
        github_repo_id: 2
        source: "HACKERNEWS"
        external_id: "3333"

hackernews_item:
    -
        external_id: 2222
        type: story
        by: smartmic
        title: Title for casbin
        url: https://github.com/casbin/casbin
        time: 2020-02-14 18:43:33
        deleted: false
    -
        external_id: 3333
        type: story
        by: test-author
        title: Title for test-post
        url: https://github.com/test/test
        time: 2002-02-14 18:43:33
        deleted: false
