github_repo_source:
    -
        github_repo_id: 1
        source: "HACKERNEWS"
        external_id: "2222"
        deleted_at: null
    -
        github_repo_id: 1
        source: "CODEXIA"
        external_id: "666"
        deleted_at: null

hackernews_item:
    -
        external_id: 2222
        type: story
        by: smartmic
        title: Title for casbin
        url: https://github.com/casbin/casbin
        time: 2020-02-14 18:43:33
        deleted: false
