codexia_project:
    -
        external_id: 123
        coordinates: "test-project1/test-repo1"
        author: "some-first-author"
        deleted: null
        project_created_at: "2019-12-20 12:01:02"

codexia_badge:
    -
        codexia_project_id: 5
        badge: "bad"
        deleted_at: null
