hackernews_item:
    -
        external_id: 1
        type: story
        by: test1author
        title: Title for test1
        url: ""
        time: 2009-01-15 05:56:17
        deleted: false
    -
        external_id: 2
        type: story
        by: test2author
        title: Title for test2
        url: https://example.com
        time: 2009-01-15 05:42:03
        deleted: false
