codexia_badge:
    -
        codexia_project_id: 8
        badge: "bad"
        deleted_at: regex:^\d{4}-\d{2}-\d{2} \d{2}:\d{2}:\d{2}\.\d{1,6}$
