codexia_badge:
    -
        codexia_project_id: 8
        badge: "bad"
        deleted_at: null
