codexia_badge:
    -
        codexia_project_id: 5
        badge: "bad"
        deleted_at: null
    -
        codexia_project_id: 6
        badge: "bad"
        deleted_at: null
