codexia_project:
    -
        id: 1
        deleted: null
        badges: ""
    -
        id: 2
        deleted: "deleted by someone"
        badges: "newbie,L1"

github_repo_source:
    -
        id: 1
        deleted_at: null
    -
        id: 2
        deleted_at: regex:^\d{4}-\d{2}-\d{2} \d{2}:\d{2}:\d{2}\.\d{1,6}$
