github_repo_stat:
    -
        github_repo_id: 1
        type: "LINES_OF_CODE"
        stat: "{\"itemList\":[{\"language\":\"TypeScript\",\"files\":84,\"lines\":9415,\
            \"blanks\":1200,\"comments\":682,\"linesOfCode\":3533}],\"type\":\"LINES_OF_CODE\"}"
